Release 14.7 - xst P.20131013 (lin64)
Copyright (c) 1995-2013 Xilinx, Inc.  All rights reserved.
--> 
Parameter TMPDIR set to xst/projnav.tmp


Total REAL time to Xst completion: 0.00 secs
Total CPU time to Xst completion: 0.03 secs
 
--> 
Parameter xsthdpdir set to xst


Total REAL time to Xst completion: 0.00 secs
Total CPU time to Xst completion: 0.03 secs
 
--> 
Reading design: specialCases.prj

TABLE OF CONTENTS
  1) Synthesis Options Summary
  2) HDL Parsing
  3) HDL Elaboration
  4) HDL Synthesis
       4.1) HDL Synthesis Report
  5) Advanced HDL Synthesis
       5.1) Advanced HDL Synthesis Report
  6) Low Level Synthesis
  7) Partition Report
  8) Design Summary
       8.1) Primitive and Black Box Usage
       8.2) Device utilization summary
       8.3) Partition Resource Summary
       8.4) Timing Report
            8.4.1) Clock Information
            8.4.2) Asynchronous Control Signals Information
            8.4.3) Timing Summary
            8.4.4) Timing Details
            8.4.5) Cross Clock Domains Report


=========================================================================
*                      Synthesis Options Summary                        *
=========================================================================
---- Source Parameters
Input File Name                    : "specialCases.prj"
Ignore Synthesis Constraint File   : NO

---- Target Parameters
Output File Name                   : "specialCases"
Output Format                      : NGC
Target Device                      : xc6slx75-2-fgg676

---- Source Options
Top Module Name                    : specialCases
Automatic FSM Extraction           : YES
FSM Encoding Algorithm             : Auto
Safe Implementation                : No
FSM Style                          : LUT
RAM Extraction                     : Yes
RAM Style                          : Auto
ROM Extraction                     : Yes
Shift Register Extraction          : YES
ROM Style                          : Auto
Resource Sharing                   : YES
Asynchronous To Synchronous        : NO
Shift Register Minimum Size        : 2
Use DSP Block                      : Auto
Automatic Register Balancing       : No

---- Target Options
LUT Combining                      : Auto
Reduce Control Sets                : Auto
Add IO Buffers                     : YES
Global Maximum Fanout              : 100000
Add Generic Clock Buffer(BUFG)     : 16
Register Duplication               : YES
Optimize Instantiated Primitives   : NO
Use Clock Enable                   : Auto
Use Synchronous Set                : Auto
Use Synchronous Reset              : Auto
Pack IO Registers into IOBs        : Auto
Equivalent register Removal        : YES

---- General Options
Optimization Goal                  : Speed
Optimization Effort                : 1
Power Reduction                    : NO
Keep Hierarchy                     : No
Netlist Hierarchy                  : As_Optimized
RTL Output                         : Yes
Global Optimization                : AllClockNets
Read Cores                         : YES
Write Timing Constraints           : NO
Cross Clock Analysis               : NO
Hierarchy Separator                : /
Bus Delimiter                      : <>
Case Specifier                     : Maintain
Slice Utilization Ratio            : 100
BRAM Utilization Ratio             : 100
DSP48 Utilization Ratio            : 100
Auto BRAM Packing                  : NO
Slice Utilization Ratio Delta      : 5

=========================================================================


=========================================================================
*                          HDL Parsing                                  *
=========================================================================
Parsing VHDL file "/home/dborquez/XilinxProjects/RK4/specialCases.vhd" into library work
Parsing entity <specialCases>.
Parsing architecture <Behavioral> of entity <specialcases>.

=========================================================================
*                            HDL Elaboration                            *
=========================================================================

Elaborating entity <specialCases> (architecture <Behavioral>) from library <work>.
WARNING:HDLCompiler:92 - "/home/dborquez/XilinxProjects/RK4/specialCases.vhd" Line 84: eb should be on the sensitivity list of the process
WARNING:HDLCompiler:92 - "/home/dborquez/XilinxProjects/RK4/specialCases.vhd" Line 85: mb should be on the sensitivity list of the process
WARNING:HDLCompiler:92 - "/home/dborquez/XilinxProjects/RK4/specialCases.vhd" Line 88: ea should be on the sensitivity list of the process
WARNING:HDLCompiler:92 - "/home/dborquez/XilinxProjects/RK4/specialCases.vhd" Line 89: ma should be on the sensitivity list of the process
WARNING:HDLCompiler:92 - "/home/dborquez/XilinxProjects/RK4/specialCases.vhd" Line 94: eb should be on the sensitivity list of the process
WARNING:HDLCompiler:92 - "/home/dborquez/XilinxProjects/RK4/specialCases.vhd" Line 95: mb should be on the sensitivity list of the process
WARNING:HDLCompiler:92 - "/home/dborquez/XilinxProjects/RK4/specialCases.vhd" Line 98: ea should be on the sensitivity list of the process
WARNING:HDLCompiler:92 - "/home/dborquez/XilinxProjects/RK4/specialCases.vhd" Line 99: ma should be on the sensitivity list of the process
WARNING:HDLCompiler:92 - "/home/dborquez/XilinxProjects/RK4/specialCases.vhd" Line 104: ea should be on the sensitivity list of the process
WARNING:HDLCompiler:92 - "/home/dborquez/XilinxProjects/RK4/specialCases.vhd" Line 105: ma should be on the sensitivity list of the process

=========================================================================
*                           HDL Synthesis                               *
=========================================================================

Synthesizing Unit <specialCases>.
    Related source file is "/home/dborquez/XilinxProjects/RK4/specialCases.vhd".
WARNING:Xst:737 - Found 1-bit latch for signal <SS>. Latches may be generated from incomplete case or if statements. We do not recommend the use of latches in FPGA/CPLD designs, as they may lead to timing problems.
WARNING:Xst:737 - Found 1-bit latch for signal <ES<10>>. Latches may be generated from incomplete case or if statements. We do not recommend the use of latches in FPGA/CPLD designs, as they may lead to timing problems.
WARNING:Xst:737 - Found 1-bit latch for signal <ES<9>>. Latches may be generated from incomplete case or if statements. We do not recommend the use of latches in FPGA/CPLD designs, as they may lead to timing problems.
WARNING:Xst:737 - Found 1-bit latch for signal <ES<8>>. Latches may be generated from incomplete case or if statements. We do not recommend the use of latches in FPGA/CPLD designs, as they may lead to timing problems.
WARNING:Xst:737 - Found 1-bit latch for signal <ES<7>>. Latches may be generated from incomplete case or if statements. We do not recommend the use of latches in FPGA/CPLD designs, as they may lead to timing problems.
WARNING:Xst:737 - Found 1-bit latch for signal <ES<6>>. Latches may be generated from incomplete case or if statements. We do not recommend the use of latches in FPGA/CPLD designs, as they may lead to timing problems.
WARNING:Xst:737 - Found 1-bit latch for signal <ES<5>>. Latches may be generated from incomplete case or if statements. We do not recommend the use of latches in FPGA/CPLD designs, as they may lead to timing problems.
WARNING:Xst:737 - Found 1-bit latch for signal <ES<4>>. Latches may be generated from incomplete case or if statements. We do not recommend the use of latches in FPGA/CPLD designs, as they may lead to timing problems.
WARNING:Xst:737 - Found 1-bit latch for signal <ES<3>>. Latches may be generated from incomplete case or if statements. We do not recommend the use of latches in FPGA/CPLD designs, as they may lead to timing problems.
WARNING:Xst:737 - Found 1-bit latch for signal <ES<2>>. Latches may be generated from incomplete case or if statements. We do not recommend the use of latches in FPGA/CPLD designs, as they may lead to timing problems.
WARNING:Xst:737 - Found 1-bit latch for signal <ES<1>>. Latches may be generated from incomplete case or if statements. We do not recommend the use of latches in FPGA/CPLD designs, as they may lead to timing problems.
WARNING:Xst:737 - Found 1-bit latch for signal <ES<0>>. Latches may be generated from incomplete case or if statements. We do not recommend the use of latches in FPGA/CPLD designs, as they may lead to timing problems.
WARNING:Xst:737 - Found 1-bit latch for signal <MS<51>>. Latches may be generated from incomplete case or if statements. We do not recommend the use of latches in FPGA/CPLD designs, as they may lead to timing problems.
WARNING:Xst:737 - Found 1-bit latch for signal <MS<50>>. Latches may be generated from incomplete case or if statements. We do not recommend the use of latches in FPGA/CPLD designs, as they may lead to timing problems.
WARNING:Xst:737 - Found 1-bit latch for signal <MS<49>>. Latches may be generated from incomplete case or if statements. We do not recommend the use of latches in FPGA/CPLD designs, as they may lead to timing problems.
WARNING:Xst:737 - Found 1-bit latch for signal <MS<48>>. Latches may be generated from incomplete case or if statements. We do not recommend the use of latches in FPGA/CPLD designs, as they may lead to timing problems.
WARNING:Xst:737 - Found 1-bit latch for signal <MS<47>>. Latches may be generated from incomplete case or if statements. We do not recommend the use of latches in FPGA/CPLD designs, as they may lead to timing problems.
WARNING:Xst:737 - Found 1-bit latch for signal <MS<46>>. Latches may be generated from incomplete case or if statements. We do not recommend the use of latches in FPGA/CPLD designs, as they may lead to timing problems.
WARNING:Xst:737 - Found 1-bit latch for signal <MS<45>>. Latches may be generated from incomplete case or if statements. We do not recommend the use of latches in FPGA/CPLD designs, as they may lead to timing problems.
WARNING:Xst:737 - Found 1-bit latch for signal <MS<44>>. Latches may be generated from incomplete case or if statements. We do not recommend the use of latches in FPGA/CPLD designs, as they may lead to timing problems.
WARNING:Xst:737 - Found 1-bit latch for signal <MS<43>>. Latches may be generated from incomplete case or if statements. We do not recommend the use of latches in FPGA/CPLD designs, as they may lead to timing problems.
WARNING:Xst:737 - Found 1-bit latch for signal <MS<42>>. Latches may be generated from incomplete case or if statements. We do not recommend the use of latches in FPGA/CPLD designs, as they may lead to timing problems.
WARNING:Xst:737 - Found 1-bit latch for signal <MS<41>>. Latches may be generated from incomplete case or if statements. We do not recommend the use of latches in FPGA/CPLD designs, as they may lead to timing problems.
WARNING:Xst:737 - Found 1-bit latch for signal <MS<40>>. Latches may be generated from incomplete case or if statements. We do not recommend the use of latches in FPGA/CPLD designs, as they may lead to timing problems.
WARNING:Xst:737 - Found 1-bit latch for signal <MS<39>>. Latches may be generated from incomplete case or if statements. We do not recommend the use of latches in FPGA/CPLD designs, as they may lead to timing problems.
WARNING:Xst:737 - Found 1-bit latch for signal <MS<38>>. Latches may be generated from incomplete case or if statements. We do not recommend the use of latches in FPGA/CPLD designs, as they may lead to timing problems.
WARNING:Xst:737 - Found 1-bit latch for signal <MS<37>>. Latches may be generated from incomplete case or if statements. We do not recommend the use of latches in FPGA/CPLD designs, as they may lead to timing problems.
WARNING:Xst:737 - Found 1-bit latch for signal <MS<36>>. Latches may be generated from incomplete case or if statements. We do not recommend the use of latches in FPGA/CPLD designs, as they may lead to timing problems.
WARNING:Xst:737 - Found 1-bit latch for signal <MS<35>>. Latches may be generated from incomplete case or if statements. We do not recommend the use of latches in FPGA/CPLD designs, as they may lead to timing problems.
WARNING:Xst:737 - Found 1-bit latch for signal <MS<34>>. Latches may be generated from incomplete case or if statements. We do not recommend the use of latches in FPGA/CPLD designs, as they may lead to timing problems.
WARNING:Xst:737 - Found 1-bit latch for signal <MS<33>>. Latches may be generated from incomplete case or if statements. We do not recommend the use of latches in FPGA/CPLD designs, as they may lead to timing problems.
WARNING:Xst:737 - Found 1-bit latch for signal <MS<32>>. Latches may be generated from incomplete case or if statements. We do not recommend the use of latches in FPGA/CPLD designs, as they may lead to timing problems.
WARNING:Xst:737 - Found 1-bit latch for signal <MS<31>>. Latches may be generated from incomplete case or if statements. We do not recommend the use of latches in FPGA/CPLD designs, as they may lead to timing problems.
WARNING:Xst:737 - Found 1-bit latch for signal <MS<30>>. Latches may be generated from incomplete case or if statements. We do not recommend the use of latches in FPGA/CPLD designs, as they may lead to timing problems.
WARNING:Xst:737 - Found 1-bit latch for signal <MS<29>>. Latches may be generated from incomplete case or if statements. We do not recommend the use of latches in FPGA/CPLD designs, as they may lead to timing problems.
WARNING:Xst:737 - Found 1-bit latch for signal <MS<28>>. Latches may be generated from incomplete case or if statements. We do not recommend the use of latches in FPGA/CPLD designs, as they may lead to timing problems.
WARNING:Xst:737 - Found 1-bit latch for signal <MS<27>>. Latches may be generated from incomplete case or if statements. We do not recommend the use of latches in FPGA/CPLD designs, as they may lead to timing problems.
WARNING:Xst:737 - Found 1-bit latch for signal <MS<26>>. Latches may be generated from incomplete case or if statements. We do not recommend the use of latches in FPGA/CPLD designs, as they may lead to timing problems.
WARNING:Xst:737 - Found 1-bit latch for signal <MS<25>>. Latches may be generated from incomplete case or if statements. We do not recommend the use of latches in FPGA/CPLD designs, as they may lead to timing problems.
WARNING:Xst:737 - Found 1-bit latch for signal <MS<24>>. Latches may be generated from incomplete case or if statements. We do not recommend the use of latches in FPGA/CPLD designs, as they may lead to timing problems.
WARNING:Xst:737 - Found 1-bit latch for signal <MS<23>>. Latches may be generated from incomplete case or if statements. We do not recommend the use of latches in FPGA/CPLD designs, as they may lead to timing problems.
WARNING:Xst:737 - Found 1-bit latch for signal <MS<22>>. Latches may be generated from incomplete case or if statements. We do not recommend the use of latches in FPGA/CPLD designs, as they may lead to timing problems.
WARNING:Xst:737 - Found 1-bit latch for signal <MS<21>>. Latches may be generated from incomplete case or if statements. We do not recommend the use of latches in FPGA/CPLD designs, as they may lead to timing problems.
WARNING:Xst:737 - Found 1-bit latch for signal <MS<20>>. Latches may be generated from incomplete case or if statements. We do not recommend the use of latches in FPGA/CPLD designs, as they may lead to timing problems.
WARNING:Xst:737 - Found 1-bit latch for signal <MS<19>>. Latches may be generated from incomplete case or if statements. We do not recommend the use of latches in FPGA/CPLD designs, as they may lead to timing problems.
WARNING:Xst:737 - Found 1-bit latch for signal <MS<18>>. Latches may be generated from incomplete case or if statements. We do not recommend the use of latches in FPGA/CPLD designs, as they may lead to timing problems.
WARNING:Xst:737 - Found 1-bit latch for signal <MS<17>>. Latches may be generated from incomplete case or if statements. We do not recommend the use of latches in FPGA/CPLD designs, as they may lead to timing problems.
WARNING:Xst:737 - Found 1-bit latch for signal <MS<16>>. Latches may be generated from incomplete case or if statements. We do not recommend the use of latches in FPGA/CPLD designs, as they may lead to timing problems.
WARNING:Xst:737 - Found 1-bit latch for signal <MS<15>>. Latches may be generated from incomplete case or if statements. We do not recommend the use of latches in FPGA/CPLD designs, as they may lead to timing problems.
WARNING:Xst:737 - Found 1-bit latch for signal <MS<14>>. Latches may be generated from incomplete case or if statements. We do not recommend the use of latches in FPGA/CPLD designs, as they may lead to timing problems.
WARNING:Xst:737 - Found 1-bit latch for signal <MS<13>>. Latches may be generated from incomplete case or if statements. We do not recommend the use of latches in FPGA/CPLD designs, as they may lead to timing problems.
WARNING:Xst:737 - Found 1-bit latch for signal <MS<12>>. Latches may be generated from incomplete case or if statements. We do not recommend the use of latches in FPGA/CPLD designs, as they may lead to timing problems.
WARNING:Xst:737 - Found 1-bit latch for signal <MS<11>>. Latches may be generated from incomplete case or if statements. We do not recommend the use of latches in FPGA/CPLD designs, as they may lead to timing problems.
WARNING:Xst:737 - Found 1-bit latch for signal <MS<10>>. Latches may be generated from incomplete case or if statements. We do not recommend the use of latches in FPGA/CPLD designs, as they may lead to timing problems.
WARNING:Xst:737 - Found 1-bit latch for signal <MS<9>>. Latches may be generated from incomplete case or if statements. We do not recommend the use of latches in FPGA/CPLD designs, as they may lead to timing problems.
WARNING:Xst:737 - Found 1-bit latch for signal <MS<8>>. Latches may be generated from incomplete case or if statements. We do not recommend the use of latches in FPGA/CPLD designs, as they may lead to timing problems.
WARNING:Xst:737 - Found 1-bit latch for signal <MS<7>>. Latches may be generated from incomplete case or if statements. We do not recommend the use of latches in FPGA/CPLD designs, as they may lead to timing problems.
WARNING:Xst:737 - Found 1-bit latch for signal <MS<6>>. Latches may be generated from incomplete case or if statements. We do not recommend the use of latches in FPGA/CPLD designs, as they may lead to timing problems.
WARNING:Xst:737 - Found 1-bit latch for signal <MS<5>>. Latches may be generated from incomplete case or if statements. We do not recommend the use of latches in FPGA/CPLD designs, as they may lead to timing problems.
WARNING:Xst:737 - Found 1-bit latch for signal <MS<4>>. Latches may be generated from incomplete case or if statements. We do not recommend the use of latches in FPGA/CPLD designs, as they may lead to timing problems.
WARNING:Xst:737 - Found 1-bit latch for signal <MS<3>>. Latches may be generated from incomplete case or if statements. We do not recommend the use of latches in FPGA/CPLD designs, as they may lead to timing problems.
WARNING:Xst:737 - Found 1-bit latch for signal <MS<2>>. Latches may be generated from incomplete case or if statements. We do not recommend the use of latches in FPGA/CPLD designs, as they may lead to timing problems.
WARNING:Xst:737 - Found 1-bit latch for signal <MS<1>>. Latches may be generated from incomplete case or if statements. We do not recommend the use of latches in FPGA/CPLD designs, as they may lead to timing problems.
WARNING:Xst:737 - Found 1-bit latch for signal <MS<0>>. Latches may be generated from incomplete case or if statements. We do not recommend the use of latches in FPGA/CPLD designs, as they may lead to timing problems.
    Found 11-bit comparator greater for signal <GND_5_o_EA[10]_LessThan_9_o> created at line 66
    Found 11-bit comparator greater for signal <EA[10]_PWR_5_o_LessThan_10_o> created at line 66
    Found 52-bit comparator greater for signal <GND_5_o_MA[51]_LessThan_15_o> created at line 68
    Found 11-bit comparator greater for signal <GND_5_o_EB[10]_LessThan_25_o> created at line 73
    Found 11-bit comparator greater for signal <EB[10]_PWR_5_o_LessThan_26_o> created at line 73
    Found 52-bit comparator greater for signal <GND_5_o_MB[51]_LessThan_31_o> created at line 75
    Summary:
	inferred  64 Latch(s).
	inferred   6 Comparator(s).
	inferred 328 Multiplexer(s).
Unit <specialCases> synthesized.

=========================================================================
HDL Synthesis Report

Macro Statistics
# Latches                                              : 64
 1-bit latch                                           : 64
# Comparators                                          : 6
 11-bit comparator greater                             : 4
 52-bit comparator greater                             : 2
# Multiplexers                                         : 328
 1-bit 2-to-1 multiplexer                              : 320
 3-bit 2-to-1 multiplexer                              : 8
# Xors                                                 : 2
 1-bit xor2                                            : 2

=========================================================================

=========================================================================
*                       Advanced HDL Synthesis                          *
=========================================================================


=========================================================================
Advanced HDL Synthesis Report

Macro Statistics
# Comparators                                          : 6
 11-bit comparator greater                             : 4
 52-bit comparator greater                             : 2
# Multiplexers                                         : 328
 1-bit 2-to-1 multiplexer                              : 320
 3-bit 2-to-1 multiplexer                              : 8
# Xors                                                 : 2
 1-bit xor2                                            : 2

=========================================================================

=========================================================================
*                         Low Level Synthesis                           *
=========================================================================

Optimizing unit <specialCases> ...

Mapping all equations...
Building and optimizing final netlist ...
Found area constraint ratio of 100 (+ 5) on block specialCases, actual ratio is 0.

Final Macro Processing ...

=========================================================================
Final Register Report

Found no macro
=========================================================================

=========================================================================
*                           Partition Report                            *
=========================================================================

Partition Implementation Status
-------------------------------

  No Partitions were found in this design.

-------------------------------

=========================================================================
*                            Design Summary                             *
=========================================================================

Top Level Output File Name         : specialCases.ngc

Primitive and Black Box Usage:
------------------------------
# BELS                             : 179
#      GND                         : 1
#      LUT2                        : 5
#      LUT3                        : 2
#      LUT4                        : 5
#      LUT5                        : 74
#      LUT6                        : 51
#      MUXCY                       : 40
#      VCC                         : 1
# FlipFlops/Latches                : 64
#      LDC                         : 51
#      LDP                         : 13
# Clock Buffers                    : 1
#      BUFG                        : 1
# IO Buffers                       : 193
#      IBUF                        : 128
#      OBUF                        : 65

Device utilization summary:
---------------------------

Selected Device : 6slx75fgg676-2 


Slice Logic Utilization: 
 Number of Slice LUTs:                  137  out of  46648     0%  
    Number used as Logic:               137  out of  46648     0%  

Slice Logic Distribution: 
 Number of LUT Flip Flop pairs used:    137
   Number with an unused Flip Flop:     137  out of    137   100%  
   Number with an unused LUT:             0  out of    137     0%  
   Number of fully used LUT-FF pairs:     0  out of    137     0%  
   Number of unique control sets:         2

IO Utilization: 
 Number of IOs:                         193
 Number of bonded IOBs:                 193  out of    408    47%  
    IOB Flip Flops/Latches:              64

Specific Feature Utilization:
 Number of BUFG/BUFGCTRLs:                1  out of     16     6%  

---------------------------
Partition Resource Summary:
---------------------------

  No Partitions were found in this design.

---------------------------


=========================================================================
Timing Report

NOTE: THESE TIMING NUMBERS ARE ONLY A SYNTHESIS ESTIMATE.
      FOR ACCURATE TIMING INFORMATION PLEASE REFER TO THE TRACE REPORT
      GENERATED AFTER PLACE-and-ROUTE.

Clock Information:
------------------
--------------------------------------------------+------------------------+-------+
Clock Signal                                      | Clock buffer(FF name)  | Load  |
--------------------------------------------------+------------------------+-------+
outA[2]_outA[2]_OR_70_o(outA[2]_outA[2]_OR_70_o:O)| BUFG(*)(SS)            | 64    |
--------------------------------------------------+------------------------+-------+
(*) This 1 clock signal(s) are generated by combinatorial logic,
and XST is not able to identify which are the primary clock signals.
Please use the CLOCK_SIGNAL constraint to specify the clock signal(s) generated by combinatorial logic.

Asynchronous Control Signals Information:
----------------------------------------
No asynchronous control signals found in this design

Timing Summary:
---------------
Speed Grade: -2

   Minimum period: No path found
   Minimum input arrival time before clock: 13.020ns
   Maximum output required time after clock: 4.174ns
   Maximum combinational path delay: 10.441ns

Timing Details:
---------------
All values displayed in nanoseconds (ns)

=========================================================================
Timing constraint: Default OFFSET IN BEFORE for Clock 'outA[2]_outA[2]_OR_70_o'
  Total number of paths / destination ports: 371244 / 128
-------------------------------------------------------------------------
Offset:              13.020ns (Levels of Logic = 8)
  Source:            numberB<57> (PAD)
  Destination:       MS_51 (LATCH)
  Destination Clock: outA[2]_outA[2]_OR_70_o falling

  Data Path: numberB<57> to MS_51
                                Gate     Net
    Cell:in->out      fanout   Delay   Delay  Logical Name (Net Name)
    ----------------------------------------  ------------
     IBUF:I->O             3   1.328   1.221  numberB_57_IBUF (numberB_57_IBUF)
     LUT6:I0->O            2   0.254   0.726  EB[10]_GND_5_o_equal_23_o<10>_SW0 (N8)
     LUT6:I5->O            3   0.254   1.042  EB[10]_GND_5_o_equal_23_o<10> (EB[10]_GND_5_o_equal_23_o)
     LUT5:I1->O            9   0.254   1.431  Mmux_outB11 (outB<0>)
     LUT6:I0->O            3   0.254   1.221  enable1 (enable_OBUF)
     LUT6:I0->O           67   0.254   2.408  outA[2]_PWR_5_o_equal_52_o<2> (outA[2]_PWR_5_o_equal_52_o)
     LUT6:I0->O           51   0.254   1.829  Mmux_MS[51]_MA[10]_MUX_513_o111 (Mmux_MS[51]_MA[10]_MUX_513_o11)
     LUT5:I4->O            1   0.254   0.000  Mmux_MS[51]_MA[10]_MUX_513_o12 (MS[51]_MA[10]_MUX_513_o)
     LDC:D                     0.036          MS_10
    ----------------------------------------
    Total                     13.020ns (3.142ns logic, 9.878ns route)
                                       (24.1% logic, 75.9% route)

=========================================================================
Timing constraint: Default OFFSET OUT AFTER for Clock 'outA[2]_outA[2]_OR_70_o'
  Total number of paths / destination ports: 64 / 64
-------------------------------------------------------------------------
Offset:              4.174ns (Levels of Logic = 1)
  Source:            SS (LATCH)
  Destination:       S<63> (PAD)
  Source Clock:      outA[2]_outA[2]_OR_70_o falling

  Data Path: SS to S<63>
                                Gate     Net
    Cell:in->out      fanout   Delay   Delay  Logical Name (Net Name)
    ----------------------------------------  ------------
     LDP:G->Q              1   0.581   0.681  SS (SS)
     OBUF:I->O                 2.912          S_63_OBUF (S<63>)
    ----------------------------------------
    Total                      4.174ns (3.493ns logic, 0.681ns route)
                                       (83.7% logic, 16.3% route)

=========================================================================
Timing constraint: Default path analysis
  Total number of paths / destination ports: 274 / 1
-------------------------------------------------------------------------
Delay:               10.441ns (Levels of Logic = 6)
  Source:            numberB<57> (PAD)
  Destination:       enable (PAD)

  Data Path: numberB<57> to enable
                                Gate     Net
    Cell:in->out      fanout   Delay   Delay  Logical Name (Net Name)
    ----------------------------------------  ------------
     IBUF:I->O             3   1.328   1.221  numberB_57_IBUF (numberB_57_IBUF)
     LUT6:I0->O            2   0.254   0.726  EB[10]_GND_5_o_equal_23_o<10>_SW0 (N8)
     LUT6:I5->O            3   0.254   1.042  EB[10]_GND_5_o_equal_23_o<10> (EB[10]_GND_5_o_equal_23_o)
     LUT5:I1->O            9   0.254   1.431  Mmux_outB11 (outB<0>)
     LUT6:I0->O            3   0.254   0.765  enable1 (enable_OBUF)
     OBUF:I->O                 2.912          enable_OBUF (enable)
    ----------------------------------------
    Total                     10.441ns (5.256ns logic, 5.185ns route)
                                       (50.3% logic, 49.7% route)

=========================================================================

Cross Clock Domains Report:
--------------------------

=========================================================================


Total REAL time to Xst completion: 4.00 secs
Total CPU time to Xst completion: 3.64 secs
 
--> 


Total memory usage is 384488 kilobytes

Number of errors   :    0 (   0 filtered)
Number of warnings :   74 (   0 filtered)
Number of infos    :    0 (   0 filtered)

